649815273
751342986
832679415
368257149
594183762
217964358
425738691
183496527
976521834
