786523149
592714863
341986752
678159234
915432678
423678591
164297385
859361427
237845916
