786391524
239465187
415278639
924816753
578923461
163547892
692754318
857132946
341689275
