182543679
346879512
579261438
817634925
235198764
964725381
798416253
653982147
421357896
